// Jest Snapshot v1, https://goo.gl/fbAQLP

exports[`StockCard Component matches snapshot 1`] = `
<View
  collapsable={false}
  style={
    {
      "backgroundColor": "rgb(120, 69, 172)",
      "borderRadius": 12,
      "height": 150,
      "margin": 10,
      "marginBottom": 20,
      "shadowColor": "#000",
      "shadowOffset": {
        "height": 1,
        "width": 0,
      },
      "shadowOpacity": 0.15,
      "shadowRadius": 3,
      "width": 355,
    }
  }
  testID="card-container-outer-layer"
>
  <View
    collapsable={false}
    style={
      {
        "backgroundColor": "rgb(120, 69, 172)",
        "borderRadius": 12,
        "elevation": 1,
        "flex": 1,
        "padding": 10,
        "shadowColor": "#000",
        "shadowOffset": {
          "height": 1,
          "width": 0,
        },
        "shadowOpacity": 0.3,
        "shadowRadius": 1,
      }
    }
    testID="card-container"
  >
    <View
      style={
        [
          {
            "flexShrink": 1,
          },
          undefined,
        ]
      }
      testID="card"
    >
      <View
        style={
          [
            {
              "alignItems": "center",
              "flexDirection": "row",
              "justifyContent": "space-between",
              "paddingLeft": 16,
            },
            {
              "minHeight": 72,
            },
            undefined,
          ]
        }
      >
        <View
          style={
            [
              {
                "flex": 1,
                "flexDirection": "column",
                "justifyContent": "center",
              },
            ]
          }
        >
          <Text
            numberOfLines={1}
            style={
              [
                {
                  "textAlign": "left",
                },
                {
                  "color": "rgba(28, 27, 31, 1)",
                  "writingDirection": "ltr",
                },
                [
                  {
                    "fontFamily": "System",
                    "fontSize": 16,
                    "fontWeight": "400",
                    "letterSpacing": 0.15,
                    "lineHeight": 24,
                  },
                  [
                    {
                      "minHeight": 30,
                      "paddingRight": 16,
                    },
                    {
                      "marginBottom": 0,
                    },
                    {
                      "color": "rgb(255, 255, 255)",
                      "fontSize": 20,
                      "fontWeight": "500",
                    },
                  ],
                ],
              ]
            }
          >
            AAPL
          </Text>
          <Text
            numberOfLines={1}
            style={
              [
                {
                  "textAlign": "left",
                },
                {
                  "color": "rgba(28, 27, 31, 1)",
                  "writingDirection": "ltr",
                },
                [
                  {
                    "fontFamily": "System",
                    "fontSize": 14,
                    "fontWeight": "400",
                    "letterSpacing": 0.25,
                    "lineHeight": 20,
                  },
                  [
                    {
                      "marginVertical": 0,
                      "minHeight": 20,
                      "paddingRight": 16,
                    },
                    {
                      "color": "#0088ce",
                      "fontSize": 12,
                      "fontWeight": "800",
                    },
                  ],
                ],
              ]
            }
          >
            NASDAQ
          </Text>
        </View>
        <View />
      </View>
      <View
        borderRadiusStyles={{}}
        style={
          [
            {
              "paddingHorizontal": 16,
            },
            {
              "paddingBottom": 16,
            },
            undefined,
          ]
        }
      >
        <Text
          ellipsizeMode="tail"
          numberOfLines={3}
          style={
            [
              {
                "textAlign": "left",
              },
              {
                "color": "rgba(28, 27, 31, 1)",
                "writingDirection": "ltr",
              },
              [
                {
                  "fontFamily": "System",
                  "fontSize": 12,
                  "fontWeight": "400",
                  "letterSpacing": 0.4,
                  "lineHeight": 16,
                },
                {
                  "color": "rgb(255, 255, 255)",
                },
              ],
            ]
          }
        >
          Apple Inc.
        </Text>
      </View>
    </View>
  </View>
</View>
`;
